// Vitest Snapshot v1, https://vitest.dev/guide/snapshot.html

exports[`declaration files with multiple entrypoints #316 1`] = `
"declare const foo = 1;

export { foo };
"
`;

exports[`declaration files with multiple entrypoints #316 2`] = `
"declare const bar = "bar";

export { bar };
"
`;

exports[`enable --dts-resolve for specific module 1`] = `
"export * from 'vue';

type MarkRequired<T, RK extends keyof T> = Exclude<T, RK> & Required<Pick<T, RK>>

export type { MarkRequired };
"
`;

exports[`not bundle \`package/subpath\` in dts (resolve) 1`] = `
"import * as foo_bar from 'foo/bar';

declare const stuff: foo_bar.Foobar;

export { stuff };
"
`;

exports[`should emit declaration files with experimentalDts 1`] = `
"
//////////////////////////////////////////////////////////////////////
// dist/_tsup-dts-rollup.d.mts
//////////////////////////////////////////////////////////////////////

import { PipeableStream } from 'react-dom/server';
import { ReactDOMServerReadableStream } from 'react-dom/server';
import { renderToNodeStream } from 'react-dom/server';
import { renderToPipeableStream } from 'react-dom/server';
import { RenderToPipeableStreamOptions } from 'react-dom/server';
import { renderToReadableStream } from 'react-dom/server';
import { RenderToReadableStreamOptions } from 'react-dom/server';
import { renderToStaticMarkup } from 'react-dom/server';
import { renderToStaticNodeStream } from 'react-dom/server';
import { renderToString } from 'react-dom/server';
import { ServerOptions } from 'react-dom/server';
import * as ServerThirdPartyNamespace from 'react-dom';
import { version } from 'react-dom/server';

declare interface ClientRenderOptions {
    document: boolean;
}
export { ClientRenderOptions }
export { ClientRenderOptions as ClientRenderOptions_alias_1 }

export declare function default_alias(options: ServerRenderOptions): void;

export { PipeableStream }

export { ReactDOMServerReadableStream }

declare function render(options: ClientRenderOptions): string;
export { render }
export { render as render_alias_1 }

/**
 * Comment for server render function
 */
export declare function render_alias_2(options: ServerRenderOptions): string;

export { renderToNodeStream }

export { renderToPipeableStream }

export { RenderToPipeableStreamOptions }

export { renderToReadableStream }

export { RenderToReadableStreamOptions }

export { renderToStaticMarkup }

export { renderToStaticNodeStream }

export { renderToString }

export declare class ServerClass {
}

declare const serverConstant = 1;
export { serverConstant }
export { serverConstant as serverConstantAlias }

export { ServerOptions }

export declare interface ServerRenderOptions {
    /**
     * Comment for ServerRenderOptions.stream
     *
     * @public
     *
     * @my_custom_tag
     */
    stream: boolean;
}

export { ServerThirdPartyNamespace }

declare function sharedFunction<T>(value: T): T | null;
export { sharedFunction }
export { sharedFunction as sharedFunction_alias_1 }
export { sharedFunction as sharedFunction_alias_2 }
export { sharedFunction as sharedFunction_alias_3 }

declare type sharedType = {
    shared: boolean;
};
export { sharedType }
export { sharedType as sharedType_alias_1 }
export { sharedType as sharedType_alias_2 }
export { sharedType as sharedType_alias_3 }

export declare const VERSION: "0.0.0";

export { version }

export { }


//////////////////////////////////////////////////////////////////////
// dist/_tsup-dts-rollup.d.ts
//////////////////////////////////////////////////////////////////////

import { PipeableStream } from 'react-dom/server';
import { ReactDOMServerReadableStream } from 'react-dom/server';
import { renderToNodeStream } from 'react-dom/server';
import { renderToPipeableStream } from 'react-dom/server';
import { RenderToPipeableStreamOptions } from 'react-dom/server';
import { renderToReadableStream } from 'react-dom/server';
import { RenderToReadableStreamOptions } from 'react-dom/server';
import { renderToStaticMarkup } from 'react-dom/server';
import { renderToStaticNodeStream } from 'react-dom/server';
import { renderToString } from 'react-dom/server';
import { ServerOptions } from 'react-dom/server';
import * as ServerThirdPartyNamespace from 'react-dom';
import { version } from 'react-dom/server';

declare interface ClientRenderOptions {
    document: boolean;
}
export { ClientRenderOptions }
export { ClientRenderOptions as ClientRenderOptions_alias_1 }

export declare function default_alias(options: ServerRenderOptions): void;

export { PipeableStream }

export { ReactDOMServerReadableStream }

declare function render(options: ClientRenderOptions): string;
export { render }
export { render as render_alias_1 }

/**
 * Comment for server render function
 */
export declare function render_alias_2(options: ServerRenderOptions): string;

export { renderToNodeStream }

export { renderToPipeableStream }

export { RenderToPipeableStreamOptions }

export { renderToReadableStream }

export { RenderToReadableStreamOptions }

export { renderToStaticMarkup }

export { renderToStaticNodeStream }

export { renderToString }

export declare class ServerClass {
}

declare const serverConstant = 1;
export { serverConstant }
export { serverConstant as serverConstantAlias }

export { ServerOptions }

export declare interface ServerRenderOptions {
    /**
     * Comment for ServerRenderOptions.stream
     *
     * @public
     *
     * @my_custom_tag
     */
    stream: boolean;
}

export { ServerThirdPartyNamespace }

declare function sharedFunction<T>(value: T): T | null;
export { sharedFunction }
export { sharedFunction as sharedFunction_alias_1 }
export { sharedFunction as sharedFunction_alias_2 }
export { sharedFunction as sharedFunction_alias_3 }

declare type sharedType = {
    shared: boolean;
};
export { sharedType }
export { sharedType as sharedType_alias_1 }
export { sharedType as sharedType_alias_2 }
export { sharedType as sharedType_alias_3 }

export declare const VERSION: "0.0.0";

export { version }

export { }


//////////////////////////////////////////////////////////////////////
// dist/index.d.mts
//////////////////////////////////////////////////////////////////////

export { VERSION } from './_tsup-dts-rollup.mjs';
export { render_alias_1 as render } from './_tsup-dts-rollup.mjs';
export { ClientRenderOptions_alias_1 as ClientRenderOptions } from './_tsup-dts-rollup.mjs';
export { sharedFunction_alias_1 as sharedFunction } from './_tsup-dts-rollup.mjs';
export { sharedType_alias_1 as sharedType } from './_tsup-dts-rollup.mjs';


//////////////////////////////////////////////////////////////////////
// dist/index.d.ts
//////////////////////////////////////////////////////////////////////

export { VERSION } from './_tsup-dts-rollup.js';
export { render_alias_1 as render } from './_tsup-dts-rollup.js';
export { ClientRenderOptions_alias_1 as ClientRenderOptions } from './_tsup-dts-rollup.js';
export { sharedFunction_alias_1 as sharedFunction } from './_tsup-dts-rollup.js';
export { sharedType_alias_1 as sharedType } from './_tsup-dts-rollup.js';


//////////////////////////////////////////////////////////////////////
// dist/my-lib-client.d.mts
//////////////////////////////////////////////////////////////////////

export { render } from './_tsup-dts-rollup.mjs';
export { ClientRenderOptions } from './_tsup-dts-rollup.mjs';
export { sharedFunction } from './_tsup-dts-rollup.mjs';
export { sharedType } from './_tsup-dts-rollup.mjs';


//////////////////////////////////////////////////////////////////////
// dist/my-lib-client.d.ts
//////////////////////////////////////////////////////////////////////

export { render } from './_tsup-dts-rollup.js';
export { ClientRenderOptions } from './_tsup-dts-rollup.js';
export { sharedFunction } from './_tsup-dts-rollup.js';
export { sharedType } from './_tsup-dts-rollup.js';


//////////////////////////////////////////////////////////////////////
// dist/server/index.d.mts
//////////////////////////////////////////////////////////////////////

export { render_alias_2 as render } from '../_tsup-dts-rollup.mjs';
export { default_alias as default } from '../_tsup-dts-rollup.mjs';
export { ServerRenderOptions } from '../_tsup-dts-rollup.mjs';
export { serverConstant } from '../_tsup-dts-rollup.mjs';
export { serverConstantAlias } from '../_tsup-dts-rollup.mjs';
export { ServerClass } from '../_tsup-dts-rollup.mjs';
export { ServerThirdPartyNamespace } from '../_tsup-dts-rollup.mjs';
export { sharedFunction_alias_2 as sharedFunction } from '../_tsup-dts-rollup.mjs';
export { sharedType_alias_2 as sharedType } from '../_tsup-dts-rollup.mjs';
export { renderToPipeableStream } from '../_tsup-dts-rollup.mjs';
export { renderToString } from '../_tsup-dts-rollup.mjs';
export { renderToNodeStream } from '../_tsup-dts-rollup.mjs';
export { renderToStaticMarkup } from '../_tsup-dts-rollup.mjs';
export { renderToStaticNodeStream } from '../_tsup-dts-rollup.mjs';
export { renderToReadableStream } from '../_tsup-dts-rollup.mjs';
export { RenderToPipeableStreamOptions } from '../_tsup-dts-rollup.mjs';
export { PipeableStream } from '../_tsup-dts-rollup.mjs';
export { ServerOptions } from '../_tsup-dts-rollup.mjs';
export { RenderToReadableStreamOptions } from '../_tsup-dts-rollup.mjs';
export { ReactDOMServerReadableStream } from '../_tsup-dts-rollup.mjs';
export { version } from '../_tsup-dts-rollup.mjs';


//////////////////////////////////////////////////////////////////////
// dist/server/index.d.ts
//////////////////////////////////////////////////////////////////////

export { render_alias_2 as render } from '../_tsup-dts-rollup.js';
export { default_alias as default } from '../_tsup-dts-rollup.js';
export { ServerRenderOptions } from '../_tsup-dts-rollup.js';
export { serverConstant } from '../_tsup-dts-rollup.js';
export { serverConstantAlias } from '../_tsup-dts-rollup.js';
export { ServerClass } from '../_tsup-dts-rollup.js';
export { ServerThirdPartyNamespace } from '../_tsup-dts-rollup.js';
export { sharedFunction_alias_2 as sharedFunction } from '../_tsup-dts-rollup.js';
export { sharedType_alias_2 as sharedType } from '../_tsup-dts-rollup.js';
export { renderToPipeableStream } from '../_tsup-dts-rollup.js';
export { renderToString } from '../_tsup-dts-rollup.js';
export { renderToNodeStream } from '../_tsup-dts-rollup.js';
export { renderToStaticMarkup } from '../_tsup-dts-rollup.js';
export { renderToStaticNodeStream } from '../_tsup-dts-rollup.js';
export { renderToReadableStream } from '../_tsup-dts-rollup.js';
export { RenderToPipeableStreamOptions } from '../_tsup-dts-rollup.js';
export { PipeableStream } from '../_tsup-dts-rollup.js';
export { ServerOptions } from '../_tsup-dts-rollup.js';
export { RenderToReadableStreamOptions } from '../_tsup-dts-rollup.js';
export { ReactDOMServerReadableStream } from '../_tsup-dts-rollup.js';
export { version } from '../_tsup-dts-rollup.js';
"
`;
