// Vitest Snapshot v1

exports[`--env flag 1`] = `
"var __defProp = Object.defineProperty;
var __getOwnPropDesc = Object.getOwnPropertyDescriptor;
var __getOwnPropNames = Object.getOwnPropertyNames;
var __hasOwnProp = Object.prototype.hasOwnProperty;
var __markAsModule = (target) => __defProp(target, \\"__esModule\\", { value: true });
var __export = (target, all) => {
  for (var name in all)
    __defProp(target, name, { get: all[name], enumerable: true });
};
var __reExport = (target, module2, copyDefault, desc) => {
  if (module2 && typeof module2 === \\"object\\" || typeof module2 === \\"function\\") {
    for (let key of __getOwnPropNames(module2))
      if (!__hasOwnProp.call(target, key) && (copyDefault || key !== \\"default\\"))
        __defProp(target, key, { get: () => module2[key], enumerable: !(desc = __getOwnPropDesc(module2, key)) || desc.enumerable });
  }
  return target;
};
var __toCommonJS = /* @__PURE__ */ ((cache) => {
  return (module2, temp) => {
    return cache && cache.get(module2) || (temp = __reExport(__markAsModule({}), module2, 1), cache && cache.set(module2, temp), temp);
  };
})(typeof WeakMap !== \\"undefined\\" ? /* @__PURE__ */ new WeakMap() : 0);

// input.ts
var input_exports = {};
__export(input_exports, {
  env: () => env
});
var env = \\"test\\";
module.exports = __toCommonJS(input_exports);
// Annotate the CommonJS export names for ESM import in node:
0 && (module.exports = {
  env
});
"
`;

exports[`bundle svelte 1`] = `
"var __defProp = Object.defineProperty;
var __getOwnPropDesc = Object.getOwnPropertyDescriptor;
var __getOwnPropNames = Object.getOwnPropertyNames;
var __hasOwnProp = Object.prototype.hasOwnProperty;
var __markAsModule = (target) => __defProp(target, \\"__esModule\\", { value: true });
var __export = (target, all) => {
  for (var name in all)
    __defProp(target, name, { get: all[name], enumerable: true });
};
var __reExport = (target, module2, copyDefault, desc) => {
  if (module2 && typeof module2 === \\"object\\" || typeof module2 === \\"function\\") {
    for (let key of __getOwnPropNames(module2))
      if (!__hasOwnProp.call(target, key) && (copyDefault || key !== \\"default\\"))
        __defProp(target, key, { get: () => module2[key], enumerable: !(desc = __getOwnPropDesc(module2, key)) || desc.enumerable });
  }
  return target;
};
var __toCommonJS = /* @__PURE__ */ ((cache) => {
  return (module2, temp) => {
    return cache && cache.get(module2) || (temp = __reExport(__markAsModule({}), module2, 1), cache && cache.set(module2, temp), temp);
  };
})(typeof WeakMap !== \\"undefined\\" ? /* @__PURE__ */ new WeakMap() : 0);

// input.ts
var input_exports = {};
__export(input_exports, {
  App: () => App_default
});

// App.svelte
var import_internal = require(\\"svelte/internal\\");
function create_fragment(ctx) {
  let span;
  return {
    c() {
      span = (0, import_internal.element)(\\"span\\");
      span.textContent = \`\${msg}\`;
      (0, import_internal.attr)(span, \\"class\\", \\"svelte-1jo4k3z\\");
    },
    m(target, anchor) {
      (0, import_internal.insert)(target, span, anchor);
    },
    p: import_internal.noop,
    i: import_internal.noop,
    o: import_internal.noop,
    d(detaching) {
      if (detaching)
        (0, import_internal.detach)(span);
    }
  };
}
var msg = \\"hello svelte\\";
var App = class extends import_internal.SvelteComponent {
  constructor(options) {
    super();
    (0, import_internal.init)(this, options, null, create_fragment, import_internal.safe_not_equal, {});
  }
};
var App_default = App;
module.exports = __toCommonJS(input_exports);
// Annotate the CommonJS export names for ESM import in node:
0 && (module.exports = {
  App
});
"
`;

exports[`bundle svelte 2`] = `
"/* svelte-css:App.svelte.css */
span.svelte-1jo4k3z {
  color: red;
}
"
`;

exports[`code splitting in cjs format 1`] = `
"\\"use strict\\";Object.defineProperty(exports, \\"__esModule\\", {value: true});


var _chunkVF632YU7js = require('./chunk-VF632YU7.js');

// input.ts
var foo = () => Promise.resolve().then(() => _chunkVF632YU7js.__toESM.call(void 0, _chunkVF632YU7js.__require.call(void 0, \\"./foo-UHQYLI73.js\\")));


exports.foo = foo;
"
`;

exports[`code splitting in cjs format 2`] = `
"\\"use strict\\";Object.defineProperty(exports, \\"__esModule\\", {value: true});


var _chunkVF632YU7js = require('./chunk-VF632YU7.js');

// another-input.ts
var foo = () => Promise.resolve().then(() => _chunkVF632YU7js.__toESM.call(void 0, _chunkVF632YU7js.__require.call(void 0, \\"./foo-UHQYLI73.js\\")));


exports.foo = foo;
"
`;

exports[`declaration files with multiple entrypoints #316 1`] = `
"declare const foo = 1;

export { foo };
"
`;

exports[`declaration files with multiple entrypoints #316 2`] = `
"declare const bar = \\"bar\\";

export { bar };
"
`;

exports[`disable code splitting to get proper module.exports = 1`] = `
"// input.ts
module.exports = 123;
"
`;

exports[`enable --dts-resolve for specific module 1`] = `
"export * from 'vue';

type MarkRequired<T, RK extends keyof T> = Exclude<T, RK> & Required<Pick<T, RK>>

export { MarkRequired };
"
`;

exports[`external 1`] = `
"var __defProp = Object.defineProperty;
var __getOwnPropDesc = Object.getOwnPropertyDescriptor;
var __getOwnPropNames = Object.getOwnPropertyNames;
var __hasOwnProp = Object.prototype.hasOwnProperty;
var __markAsModule = (target) => __defProp(target, \\"__esModule\\", { value: true });
var __export = (target, all) => {
  for (var name in all)
    __defProp(target, name, { get: all[name], enumerable: true });
};
var __reExport = (target, module2, copyDefault, desc) => {
  if (module2 && typeof module2 === \\"object\\" || typeof module2 === \\"function\\") {
    for (let key of __getOwnPropNames(module2))
      if (!__hasOwnProp.call(target, key) && (copyDefault || key !== \\"default\\"))
        __defProp(target, key, { get: () => module2[key], enumerable: !(desc = __getOwnPropDesc(module2, key)) || desc.enumerable });
  }
  return target;
};
var __toCommonJS = /* @__PURE__ */ ((cache) => {
  return (module2, temp) => {
    return cache && cache.get(module2) || (temp = __reExport(__markAsModule({}), module2, 1), cache && cache.set(module2, temp), temp);
  };
})(typeof WeakMap !== \\"undefined\\" ? /* @__PURE__ */ new WeakMap() : 0);

// input.ts
var input_exports = {};
__export(input_exports, {
  bar: () => import_bar.bar,
  baz: () => baz,
  foo: () => import_foo.foo
});
var import_foo = require(\\"foo\\");
var import_bar = require(\\"bar\\");

// node_modules/baz/index.ts
var baz = \\"baz\\";
module.exports = __toCommonJS(input_exports);
// Annotate the CommonJS export names for ESM import in node:
0 && (module.exports = {
  bar,
  baz,
  foo
});
"
`;

exports[`import css 1`] = `""`;

exports[`import css in --dts 1`] = `""`;

exports[`multiple targets 1`] = `
"var __defProp = Object.defineProperty;
var __getOwnPropDesc = Object.getOwnPropertyDescriptor;
var __getOwnPropNames = Object.getOwnPropertyNames;
var __hasOwnProp = Object.prototype.hasOwnProperty;
var __markAsModule = (target) => __defProp(target, \\"__esModule\\", { value: true });
var __export = (target, all) => {
  for (var name in all)
    __defProp(target, name, { get: all[name], enumerable: true });
};
var __reExport = (target, module2, copyDefault, desc) => {
  if (module2 && typeof module2 === \\"object\\" || typeof module2 === \\"function\\") {
    for (let key of __getOwnPropNames(module2))
      if (!__hasOwnProp.call(target, key) && (copyDefault || key !== \\"default\\"))
        __defProp(target, key, { get: () => module2[key], enumerable: !(desc = __getOwnPropDesc(module2, key)) || desc.enumerable });
  }
  return target;
};
var __toCommonJS = /* @__PURE__ */ ((cache) => {
  return (module2, temp) => {
    return cache && cache.get(module2) || (temp = __reExport(__markAsModule({}), module2, 1), cache && cache.set(module2, temp), temp);
  };
})(typeof WeakMap !== \\"undefined\\" ? /* @__PURE__ */ new WeakMap() : 0);

// input.ts
var input_exports = {};
__export(input_exports, {
  answer: () => answer
});
var answer = 42;
module.exports = __toCommonJS(input_exports);
// Annotate the CommonJS export names for ESM import in node:
0 && (module.exports = {
  answer
});
"
`;

exports[`node protocol 1`] = `
"var __create = Object.create;
var __defProp = Object.defineProperty;
var __getOwnPropDesc = Object.getOwnPropertyDescriptor;
var __getOwnPropNames = Object.getOwnPropertyNames;
var __getProtoOf = Object.getPrototypeOf;
var __hasOwnProp = Object.prototype.hasOwnProperty;
var __markAsModule = (target) => __defProp(target, \\"__esModule\\", { value: true });
var __reExport = (target, module2, copyDefault, desc) => {
  if (module2 && typeof module2 === \\"object\\" || typeof module2 === \\"function\\") {
    for (let key of __getOwnPropNames(module2))
      if (!__hasOwnProp.call(target, key) && (copyDefault || key !== \\"default\\"))
        __defProp(target, key, { get: () => module2[key], enumerable: !(desc = __getOwnPropDesc(module2, key)) || desc.enumerable });
  }
  return target;
};
var __toESM = (module2, isNodeMode) => {
  return __reExport(__markAsModule(__defProp(module2 != null ? __create(__getProtoOf(module2)) : {}, \\"default\\", !isNodeMode && module2 && module2.__esModule ? { get: () => module2.default, enumerable: true } : { value: module2, enumerable: true })), module2);
};

// input.ts
var import_node_fs = __toESM(require(\\"fs\\"));
console.log(import_node_fs.default);
"
`;

exports[`simple 1`] = `
"var __defProp = Object.defineProperty;
var __getOwnPropDesc = Object.getOwnPropertyDescriptor;
var __getOwnPropNames = Object.getOwnPropertyNames;
var __hasOwnProp = Object.prototype.hasOwnProperty;
var __markAsModule = (target) => __defProp(target, \\"__esModule\\", { value: true });
var __export = (target, all) => {
  for (var name in all)
    __defProp(target, name, { get: all[name], enumerable: true });
};
var __reExport = (target, module2, copyDefault, desc) => {
  if (module2 && typeof module2 === \\"object\\" || typeof module2 === \\"function\\") {
    for (let key of __getOwnPropNames(module2))
      if (!__hasOwnProp.call(target, key) && (copyDefault || key !== \\"default\\"))
        __defProp(target, key, { get: () => module2[key], enumerable: !(desc = __getOwnPropDesc(module2, key)) || desc.enumerable });
  }
  return target;
};
var __toCommonJS = /* @__PURE__ */ ((cache) => {
  return (module2, temp) => {
    return cache && cache.get(module2) || (temp = __reExport(__markAsModule({}), module2, 1), cache && cache.set(module2, temp), temp);
  };
})(typeof WeakMap !== \\"undefined\\" ? /* @__PURE__ */ new WeakMap() : 0);

// input.ts
var input_exports = {};
__export(input_exports, {
  default: () => input_default
});

// foo.ts
var foo_default = \\"foo\\";

// input.ts
var input_default = foo_default;
module.exports = __toCommonJS(input_exports);
// Annotate the CommonJS export names for ESM import in node:
0 && (module.exports = {});
"
`;

exports[`support baseUrl and paths in tsconfig.json 1`] = `
"var __defProp = Object.defineProperty;
var __getOwnPropDesc = Object.getOwnPropertyDescriptor;
var __getOwnPropNames = Object.getOwnPropertyNames;
var __hasOwnProp = Object.prototype.hasOwnProperty;
var __markAsModule = (target) => __defProp(target, \\"__esModule\\", { value: true });
var __export = (target, all) => {
  for (var name in all)
    __defProp(target, name, { get: all[name], enumerable: true });
};
var __reExport = (target, module2, copyDefault, desc) => {
  if (module2 && typeof module2 === \\"object\\" || typeof module2 === \\"function\\") {
    for (let key of __getOwnPropNames(module2))
      if (!__hasOwnProp.call(target, key) && (copyDefault || key !== \\"default\\"))
        __defProp(target, key, { get: () => module2[key], enumerable: !(desc = __getOwnPropDesc(module2, key)) || desc.enumerable });
  }
  return target;
};
var __toCommonJS = /* @__PURE__ */ ((cache) => {
  return (module2, temp) => {
    return cache && cache.get(module2) || (temp = __reExport(__markAsModule({}), module2, 1), cache && cache.set(module2, temp), temp);
  };
})(typeof WeakMap !== \\"undefined\\" ? /* @__PURE__ */ new WeakMap() : 0);

// input.ts
var input_exports = {};
__export(input_exports, {
  foo: () => foo
});

// foo.ts
var foo = \\"foo\\";
module.exports = __toCommonJS(input_exports);
// Annotate the CommonJS export names for ESM import in node:
0 && (module.exports = {
  foo
});
"
`;

exports[`support baseUrl and paths in tsconfig.json in --dts build 1`] = `
"declare const foo = \\"foo\\";

export { foo };
"
`;

exports[`support baseUrl and paths in tsconfig.json in --dts-resolve build 1`] = `
"declare const foo = \\"foo\\";

export { foo };
"
`;
